Archive member included because of file (symbol)

/usr/lib/gcc/avr/4.5.3/avr5/libgcc.a(_exit.o)
                              /usr/lib/gcc/avr/4.5.3/../../../avr/lib/avr5/crtm32.o (exit)
/usr/lib/gcc/avr/4.5.3/avr5/libgcc.a(_copy_data.o)
                              ./main.o (__do_copy_data)
/usr/lib/gcc/avr/4.5.3/avr5/libgcc.a(_clear_bss.o)
                              ./croutine.o (__do_clear_bss)
/usr/lib/gcc/avr/4.5.3/../../../avr/lib/avr5/libc.a(memcpy.o)
                              ./queue.o (memcpy)
/usr/lib/gcc/avr/4.5.3/../../../avr/lib/avr5/libc.a(memset.o)
                              ./tasks.o (memset)
/usr/lib/gcc/avr/4.5.3/../../../avr/lib/avr5/libc.a(strncpy.o)
                              ./tasks.o (strncpy)

Allocating common symbols
Common symbol       size              file

xTask2Handle        0x2               ./main.o

Memory Configuration

Name             Origin             Length             Attributes
text             0x0000000000000000 0x0000000000020000 xr
data             0x0000000000800060 0x000000000000ffa0 rw !x
eeprom           0x0000000000810000 0x0000000000010000 rw !x
fuse             0x0000000000820000 0x0000000000000400 rw !x
lock             0x0000000000830000 0x0000000000000400 rw !x
signature        0x0000000000840000 0x0000000000000400 rw !x
*default*        0x0000000000000000 0xffffffffffffffff

Linker script and memory map

LOAD /usr/lib/gcc/avr/4.5.3/../../../avr/lib/avr5/crtm32.o
LOAD ./croutine.o
LOAD ./heap_1.o
LOAD ./list.o
LOAD ./main.o
LOAD ./port.o
LOAD ./queue.o
LOAD ./tasks.o
LOAD ./timers.o
LOAD ./usart.o
LOAD /usr/lib/gcc/avr/4.5.3/avr5/libgcc.a
LOAD /usr/lib/gcc/avr/4.5.3/../../../avr/lib/avr5/libc.a
LOAD /usr/lib/gcc/avr/4.5.3/avr5/libgcc.a

.hash
 *(.hash)

.dynsym
 *(.dynsym)

.dynstr
 *(.dynstr)

.gnu.version
 *(.gnu.version)

.gnu.version_d
 *(.gnu.version_d)

.gnu.version_r
 *(.gnu.version_r)

.rel.init
 *(.rel.init)

.rela.init
 *(.rela.init)

.rel.text
 *(.rel.text)
 *(.rel.text.*)
 *(.rel.gnu.linkonce.t*)

.rela.text
 *(.rela.text)
 *(.rela.text.*)
 *(.rela.gnu.linkonce.t*)

.rel.fini
 *(.rel.fini)

.rela.fini
 *(.rela.fini)

.rel.rodata
 *(.rel.rodata)
 *(.rel.rodata.*)
 *(.rel.gnu.linkonce.r*)

.rela.rodata
 *(.rela.rodata)
 *(.rela.rodata.*)
 *(.rela.gnu.linkonce.r*)

.rel.data
 *(.rel.data)
 *(.rel.data.*)
 *(.rel.gnu.linkonce.d*)

.rela.data
 *(.rela.data)
 *(.rela.data.*)
 *(.rela.gnu.linkonce.d*)

.rel.ctors
 *(.rel.ctors)

.rela.ctors
 *(.rela.ctors)

.rel.dtors
 *(.rel.dtors)

.rela.dtors
 *(.rela.dtors)

.rel.got
 *(.rel.got)

.rela.got
 *(.rela.got)

.rel.bss
 *(.rel.bss)

.rela.bss
 *(.rela.bss)

.rel.plt
 *(.rel.plt)

.rela.plt
 *(.rela.plt)

.text           0x0000000000000000     0x1930
 *(.vectors)
 .vectors       0x0000000000000000       0x54 /usr/lib/gcc/avr/4.5.3/../../../avr/lib/avr5/crtm32.o
                0x0000000000000000                __vectors
                0x0000000000000000                __vector_default
 *(.vectors)
 *(.progmem.gcc*)
 *(.progmem*)
                0x0000000000000054                . = ALIGN (0x2)
                0x0000000000000054                __trampolines_start = .
 *(.trampolines)
 .trampolines   0x0000000000000054        0x0 linker stubs
 *(.trampolines*)
                0x0000000000000054                __trampolines_end = .
 *(.jumptables)
 *(.jumptables*)
 *(.lowtext)
 *(.lowtext*)
                0x0000000000000054                __ctors_start = .
 *(.ctors)
                0x0000000000000054                __ctors_end = .
                0x0000000000000054                __dtors_start = .
 *(.dtors)
                0x0000000000000054                __dtors_end = .
 SORT(*)(.ctors)
 SORT(*)(.dtors)
 *(.init0)
 .init0         0x0000000000000054        0x0 /usr/lib/gcc/avr/4.5.3/../../../avr/lib/avr5/crtm32.o
                0x0000000000000054                __init
 *(.init0)
 *(.init1)
 *(.init1)
 *(.init2)
 .init2         0x0000000000000054        0xc /usr/lib/gcc/avr/4.5.3/../../../avr/lib/avr5/crtm32.o
 *(.init2)
 *(.init3)
 *(.init3)
 *(.init4)
 .init4         0x0000000000000060       0x16 /usr/lib/gcc/avr/4.5.3/avr5/libgcc.a(_copy_data.o)
                0x0000000000000060                __do_copy_data
 .init4         0x0000000000000076       0x10 /usr/lib/gcc/avr/4.5.3/avr5/libgcc.a(_clear_bss.o)
                0x0000000000000076                __do_clear_bss
 *(.init4)
 *(.init5)
 *(.init5)
 *(.init6)
 *(.init6)
 *(.init7)
 *(.init7)
 *(.init8)
 *(.init8)
 *(.init9)
 .init9         0x0000000000000086        0x8 /usr/lib/gcc/avr/4.5.3/../../../avr/lib/avr5/crtm32.o
 *(.init9)
 *(.text)
 .text          0x000000000000008e        0x4 /usr/lib/gcc/avr/4.5.3/../../../avr/lib/avr5/crtm32.o
                0x000000000000008e                __vector_1
                0x000000000000008e                __vector_12
                0x000000000000008e                __bad_interrupt
                0x000000000000008e                __vector_6
                0x000000000000008e                __vector_3
                0x000000000000008e                __vector_11
                0x000000000000008e                __vector_13
                0x000000000000008e                __vector_17
                0x000000000000008e                __vector_19
                0x000000000000008e                __vector_5
                0x000000000000008e                __vector_4
                0x000000000000008e                __vector_9
                0x000000000000008e                __vector_2
                0x000000000000008e                __vector_15
                0x000000000000008e                __vector_8
                0x000000000000008e                __vector_14
                0x000000000000008e                __vector_10
                0x000000000000008e                __vector_16
                0x000000000000008e                __vector_18
                0x000000000000008e                __vector_20
 .text          0x0000000000000092      0x3b0 ./croutine.o
                0x0000000000000092                xCoRoutineCreate
                0x0000000000000198                vCoRoutineAddToDelayedList
                0x0000000000000212                vCoRoutineSchedule
                0x00000000000003f8                xCoRoutineRemoveFromEventList
 .text          0x0000000000000442       0x72 ./heap_1.o
                0x0000000000000442                pvPortMalloc
                0x0000000000000494                vPortFree
                0x0000000000000496                vPortInitialiseBlocks
                0x00000000000004a0                xPortGetFreeHeapSize
 .text          0x00000000000004b4      0x124 ./list.o
                0x00000000000004b4                vListInitialise
                0x00000000000004d0                vListInitialiseItem
                0x00000000000004d8                vListInsertEnd
                0x0000000000000522                vListInsert
                0x0000000000000590                vListRemove
 .text          0x00000000000005d8       0xbc ./main.o
                0x00000000000005d8                uart_print_Task1
                0x000000000000060a                uart_print_Task2
                0x0000000000000640                main
 .text          0x0000000000000694      0x26e ./port.o
                0x0000000000000694                pxPortInitialiseStack
                0x0000000000000728                xPortStartScheduler
                0x0000000000000792                vPortEndScheduler
                0x0000000000000794                vPortYield
                0x0000000000000846                vPortYieldFromTick
                0x00000000000008fc                __vector_7
 .text          0x0000000000000902      0x61a ./queue.o
                0x0000000000000982                xQueueCreate
                0x0000000000000a42                xQueueGenericSend
                0x0000000000000bfe                xQueueGenericSendFromISR
                0x0000000000000cbc                xQueueGenericReceive
                0x0000000000000e52                xQueueReceiveFromISR
                0x0000000000000ed2                uxQueueMessagesWaiting
                0x0000000000000ee2                uxQueueMessagesWaitingFromISR
                0x0000000000000ee8                vQueueDelete
                0x0000000000000f02                xQueueIsQueueEmptyFromISR
                0x0000000000000f0e                xQueueIsQueueFullFromISR
 .text          0x0000000000000f1c      0x988 ./tasks.o
                0x0000000000000f8a                xTaskGenericCreate
                0x0000000000001198                vTaskDelete
                0x0000000000001230                uxTaskPriorityGet
                0x000000000000124e                vTaskPrioritySet
                0x000000000000132e                vTaskStartScheduler
                0x0000000000001384                vTaskEndScheduler
                0x0000000000001390                vTaskSuspendAll
                0x000000000000139c                xTaskGetTickCount
                0x00000000000013b2                xTaskGetTickCountFromISR
                0x00000000000013be                uxTaskGetNumberOfTasks
                0x00000000000013c4                vTaskIncrementTick
                0x0000000000001508                xTaskResumeAll
                0x0000000000001666                vTaskDelay
                0x00000000000016ae                vTaskSwitchContext
                0x0000000000001752                vTaskPlaceOnEventList
                0x000000000000178c                xTaskRemoveFromEventList
                0x0000000000001810                vTaskSetTimeOutState
                0x0000000000001826                xTaskCheckForTimeOut
                0x000000000000189c                vTaskMissedYield
 .text          0x00000000000018a4        0x0 ./timers.o
 .text          0x00000000000018a4       0x4a ./usart.o
                0x00000000000018a4                USART_Init
                0x00000000000018b8                USART_Transmit
                0x00000000000018c0                USART_Receive
                0x00000000000018c8                USART_putstring
 .text          0x00000000000018ee        0x0 /usr/lib/gcc/avr/4.5.3/avr5/libgcc.a(_exit.o)
 .text          0x00000000000018ee        0x0 /usr/lib/gcc/avr/4.5.3/avr5/libgcc.a(_copy_data.o)
 .text          0x00000000000018ee        0x0 /usr/lib/gcc/avr/4.5.3/avr5/libgcc.a(_clear_bss.o)
 .text          0x00000000000018ee        0x0 /usr/lib/gcc/avr/4.5.3/../../../avr/lib/avr5/libc.a(memcpy.o)
 .text          0x00000000000018ee        0x0 /usr/lib/gcc/avr/4.5.3/../../../avr/lib/avr5/libc.a(memset.o)
 .text          0x00000000000018ee        0x0 /usr/lib/gcc/avr/4.5.3/../../../avr/lib/avr5/libc.a(strncpy.o)
                0x00000000000018ee                . = ALIGN (0x2)
 *(.text.*)
 .text.libgcc   0x00000000000018ee        0x0 /usr/lib/gcc/avr/4.5.3/avr5/libgcc.a(_exit.o)
 .text.libgcc   0x00000000000018ee        0x0 /usr/lib/gcc/avr/4.5.3/avr5/libgcc.a(_copy_data.o)
 .text.libgcc   0x00000000000018ee        0x0 /usr/lib/gcc/avr/4.5.3/avr5/libgcc.a(_clear_bss.o)
 .text.avr-libc
                0x00000000000018ee       0x12 /usr/lib/gcc/avr/4.5.3/../../../avr/lib/avr5/libc.a(memcpy.o)
                0x00000000000018ee                memcpy
 .text.avr-libc
                0x0000000000001900        0xe /usr/lib/gcc/avr/4.5.3/../../../avr/lib/avr5/libc.a(memset.o)
                0x0000000000001900                memset
 .text.avr-libc
                0x000000000000190e       0x1e /usr/lib/gcc/avr/4.5.3/../../../avr/lib/avr5/libc.a(strncpy.o)
                0x000000000000190e                strncpy
                0x000000000000192c                . = ALIGN (0x2)
 *(.fini9)
 .fini9         0x000000000000192c        0x0 /usr/lib/gcc/avr/4.5.3/avr5/libgcc.a(_exit.o)
                0x000000000000192c                exit
                0x000000000000192c                _exit
 *(.fini9)
 *(.fini8)
 *(.fini8)
 *(.fini7)
 *(.fini7)
 *(.fini6)
 *(.fini6)
 *(.fini5)
 *(.fini5)
 *(.fini4)
 *(.fini4)
 *(.fini3)
 *(.fini3)
 *(.fini2)
 *(.fini2)
 *(.fini1)
 *(.fini1)
 *(.fini0)
 .fini0         0x000000000000192c        0x4 /usr/lib/gcc/avr/4.5.3/avr5/libgcc.a(_exit.o)
 *(.fini0)
                0x0000000000001930                _etext = .

.data           0x0000000000800060       0x88 load address 0x0000000000001930
                0x0000000000800060                PROVIDE (__data_start, .)
 *(.data)
 .data          0x0000000000800060        0x0 /usr/lib/gcc/avr/4.5.3/../../../avr/lib/avr5/crtm32.o
 .data          0x0000000000800060        0x0 ./croutine.o
 .data          0x0000000000800060        0x0 ./heap_1.o
 .data          0x0000000000800060        0x0 ./list.o
 .data          0x0000000000800060       0x80 ./main.o
 .data          0x00000000008000e0        0x0 ./port.o
 .data          0x00000000008000e0        0x0 ./queue.o
 .data          0x00000000008000e0        0x7 ./tasks.o
 .data          0x00000000008000e7        0x0 ./timers.o
 .data          0x00000000008000e7        0x0 ./usart.o
 .data          0x00000000008000e7        0x0 /usr/lib/gcc/avr/4.5.3/avr5/libgcc.a(_exit.o)
 .data          0x00000000008000e7        0x0 /usr/lib/gcc/avr/4.5.3/avr5/libgcc.a(_copy_data.o)
 .data          0x00000000008000e7        0x0 /usr/lib/gcc/avr/4.5.3/avr5/libgcc.a(_clear_bss.o)
 .data          0x00000000008000e7        0x0 /usr/lib/gcc/avr/4.5.3/../../../avr/lib/avr5/libc.a(memcpy.o)
 .data          0x00000000008000e7        0x0 /usr/lib/gcc/avr/4.5.3/../../../avr/lib/avr5/libc.a(memset.o)
 .data          0x00000000008000e7        0x0 /usr/lib/gcc/avr/4.5.3/../../../avr/lib/avr5/libc.a(strncpy.o)
 *(.data*)
 *(.rodata)
 *(.rodata*)
 *(.gnu.linkonce.d*)
                0x00000000008000e8                . = ALIGN (0x2)
 *fill*         0x00000000008000e7        0x1 00
                0x00000000008000e8                _edata = .
                0x00000000008000e8                PROVIDE (__data_end, .)

.bss            0x00000000008000e8      0x2e7
                0x00000000008000e8                PROVIDE (__bss_start, .)
 *(.bss)
 .bss           0x00000000008000e8        0x0 /usr/lib/gcc/avr/4.5.3/../../../avr/lib/avr5/crtm32.o
 .bss           0x00000000008000e8       0x3a ./croutine.o
                0x00000000008000e8                pxCurrentCoRoutine
 .bss           0x0000000000800122      0x25a ./heap_1.o
 .bss           0x000000000080037c        0x0 ./list.o
 .bss           0x000000000080037c        0x0 ./main.o
 .bss           0x000000000080037c        0x0 ./port.o
 .bss           0x000000000080037c        0x0 ./queue.o
 .bss           0x000000000080037c       0x51 ./tasks.o
                0x000000000080037c                pxCurrentTCB
 .bss           0x00000000008003cd        0x0 ./timers.o
 .bss           0x00000000008003cd        0x0 ./usart.o
 .bss           0x00000000008003cd        0x0 /usr/lib/gcc/avr/4.5.3/avr5/libgcc.a(_exit.o)
 .bss           0x00000000008003cd        0x0 /usr/lib/gcc/avr/4.5.3/avr5/libgcc.a(_copy_data.o)
 .bss           0x00000000008003cd        0x0 /usr/lib/gcc/avr/4.5.3/avr5/libgcc.a(_clear_bss.o)
 .bss           0x00000000008003cd        0x0 /usr/lib/gcc/avr/4.5.3/../../../avr/lib/avr5/libc.a(memcpy.o)
 .bss           0x00000000008003cd        0x0 /usr/lib/gcc/avr/4.5.3/../../../avr/lib/avr5/libc.a(memset.o)
 .bss           0x00000000008003cd        0x0 /usr/lib/gcc/avr/4.5.3/../../../avr/lib/avr5/libc.a(strncpy.o)
 *(.bss*)
 *(COMMON)
 COMMON         0x00000000008003cd        0x2 ./main.o
                0x00000000008003cd                xTask2Handle
                0x00000000008003cf                PROVIDE (__bss_end, .)
                0x0000000000001930                __data_load_start = LOADADDR (.data)
                0x00000000000019b8                __data_load_end = (__data_load_start + SIZEOF (.data))

.noinit         0x00000000008003cf        0x0
                0x00000000008003cf                PROVIDE (__noinit_start, .)
 *(.noinit*)
                0x00000000008003cf                PROVIDE (__noinit_end, .)
                0x00000000008003cf                _end = .
                0x00000000008003cf                PROVIDE (__heap_start, .)

.eeprom         0x0000000000810000        0x0
 *(.eeprom*)
                0x0000000000810000                __eeprom_end = .

.fuse
 *(.fuse)
 *(.lfuse)
 *(.hfuse)
 *(.efuse)

.lock
 *(.lock*)

.signature
 *(.signature*)

.stab           0x0000000000000000      0x888
 *(.stab)
 .stab          0x0000000000000000      0x6cc /usr/lib/gcc/avr/4.5.3/../../../avr/lib/avr5/crtm32.o
 .stab          0x00000000000006cc       0x84 /usr/lib/gcc/avr/4.5.3/../../../avr/lib/avr5/libc.a(memcpy.o)
                                         0x90 (size before relaxing)
 .stab          0x0000000000000750       0x6c /usr/lib/gcc/avr/4.5.3/../../../avr/lib/avr5/libc.a(memset.o)
                                         0x78 (size before relaxing)
 .stab          0x00000000000007bc       0xcc /usr/lib/gcc/avr/4.5.3/../../../avr/lib/avr5/libc.a(strncpy.o)
                                         0xd8 (size before relaxing)

.stabstr        0x0000000000000000       0xdf
 *(.stabstr)
 .stabstr       0x0000000000000000       0xdf /usr/lib/gcc/avr/4.5.3/../../../avr/lib/avr5/crtm32.o

.stab.excl
 *(.stab.excl)

.stab.exclstr
 *(.stab.exclstr)

.stab.index
 *(.stab.index)

.stab.indexstr
 *(.stab.indexstr)

.comment
 *(.comment)

.debug
 *(.debug)

.line
 *(.line)

.debug_srcinfo
 *(.debug_srcinfo)

.debug_sfnames
 *(.debug_sfnames)

.debug_aranges
 *(.debug_aranges)

.debug_pubnames
 *(.debug_pubnames)

.debug_info
 *(.debug_info)
 *(.gnu.linkonce.wi.*)

.debug_abbrev
 *(.debug_abbrev)

.debug_line
 *(.debug_line)

.debug_frame
 *(.debug_frame)

.debug_str
 *(.debug_str)

.debug_loc
 *(.debug_loc)

.debug_macinfo
 *(.debug_macinfo)
OUTPUT(Tut5_setting_getting_taskPriority.elf elf32-avr)
LOAD linker stubs
